RAM Allocation [bytes]
Variable                                                                          Address   Size
------------------------------------------------------------------------------------------------
AI10__Current_L1                                                                  0x0160      40
AI10__Current_L2                                                                  0x0188      40
AI10__Current_L3                                                                  0x01B0      40

EEPROM Allocation [bytes]
Variable                                                                          Address   Size
------------------------------------------------------------------------------------------------

Register Allocation
Variable                                                                          Register  Size
------------------------------------------------------------------------------------------------
Uc_Select_led                                                                     R7           1
Uint_dataLed1                                                                     R8,R9        2
Uint_dataLed2                                                                     R10,R11      2
Uint_dataLed3                                                                     R12,R13      2
Bit_sample_full                                                                   R2.0      1bit
Uc_Current_Array_Cnt                                                              R6           1

FLASH Allocation [words]
Function                                                                          Address   Size
------------------------------------------------------------------------------------------------
timer1_ovf_isr                                                                    0x0004B    116
SEND_DATA_LED                                                                     0x000BF     43
SCAN_LED                                                                          0x000EA    148
Read_Current                                                                      0x0017E    170
main                                                                              0x00228     69
Send_cmd_ADE7753                                                                  0x0026D     19
Read_data_ADE7753                                                                 0x00280     16
Read_ADE7753                                                                      0x00290     84
