RAM Allocation [bytes]
Variable                                                                          Address   Size
------------------------------------------------------------------------------------------------
Uint_dataLed1                                                                     0x0160       2
Uint_dataLed2                                                                     0x0162       2
Uint_dataLed3                                                                     0x0164       2
AI10__Current_L1                                                                  0x0166      10
AI10__Current_L2                                                                  0x0170      10
AI10__Current_L3                                                                  0x017A      10
BCDLED                                                                            0x0184      11

EEPROM Allocation [bytes]
Variable                                                                          Address   Size
------------------------------------------------------------------------------------------------

Register Allocation
Variable                                                                          Register  Size
------------------------------------------------------------------------------------------------
Bit_Warning_1                                                                     R2.0      1bit
Bit_Warning_2                                                                     R2.1      1bit
Bit_Warning_3                                                                     R2.2      1bit
Bit_sample_full                                                                   R2.3      1bit
Uc_Current_Array_Cnt                                                              R7           1
AI10_Current_Set                                                                  R8,R9        2
Uc_Buzzer_cnt                                                                     R6           1
Uc_Timer_cnt                                                                      R11          1
Uc_Select_led                                                                     R10          1

FLASH Allocation [words]
Function                                                                          Address   Size
------------------------------------------------------------------------------------------------
timer1_ovf_isr                                                                    0x00052     56
read_adc                                                                          0x0008A     15
Read_Current                                                                      0x00099    236
main                                                                              0x00185     75
Send_cmd_ADE7753                                                                  0x001D0     20
Read_data_ADE7753                                                                 0x001E4     13
Write_ADE7753                                                                     0x001F1     55
Read_ADE7753                                                                      0x00228     94
ADE_7753_init                                                                     0x00286     43
SEND_DATA_LED                                                                     0x002B1     43
SCAN_LED                                                                          0x002DC     75
